// Jest Snapshot v1, https://goo.gl/fbAQLP

exports[`Rooms Component matches snapshot 1`] = `
<DocumentFragment>
  <div>
    Please log in to view available rooms.
    <button
      type="button"
    >
      Click here
    </button>
  </div>
</DocumentFragment>
`;
